============================= test session starts =============================
platform win32 -- Python 3.11.9, pytest-9.0.1, pluggy-1.6.0
rootdir: C:\Users\rahul\.gemini\antigravity\playground\vector-meteoroid\qwed_new
configfile: pyproject.toml
plugins: anyio-4.11.0, asyncio-1.3.0
asyncio: mode=Mode.STRICT, debug=False, asyncio_default_fixture_loop_scope=None, asyncio_default_test_loop_scope=function
collected 0 items / 1 error

=================================== ERRORS ====================================
________________ ERROR collecting tests/test_control_plane.py _________________
ImportError while importing test module 'C:\Users\rahul\.gemini\antigravity\playground\vector-meteoroid\qwed_new\tests\test_control_plane.py'.
Hint: make sure your test modules/packages have valid Python names.
Traceback:
C:\Users\rahul\AppData\Local\Programs\Python\Python311\Lib\importlib\__init__.py:126: in import_module
    return _bootstrap._gcd_import(name[level:], package, level)
           ^^^^^^^^^^^^^^^^^^^^^^^^^^^^^^^^^^^^^^^^^^^^^^^^^^^^
tests\test_control_plane.py:3: in <module>
    from qwed_new.core.control_plane import ControlPlane
src\qwed_new\core\control_plane.py:15: in <module>
    from qwed_new.core.schemas import VerificationResponse, MathVerificationTask
E   ImportError: cannot import name 'VerificationResponse' from 'qwed_new.core.schemas' (C:\Users\rahul\.gemini\antigravity\playground\vector-meteoroid\qwed_new\src\qwed_new\core\schemas.py)
=========================== short test summary info ===========================
ERROR tests/test_control_plane.py
!!!!!!!!!!!!!!!!!!! Interrupted: 1 error during collection !!!!!!!!!!!!!!!!!!!!
============================== 1 error in 2.26s ===============================
